============================ 12 | 1 (objects | cycle) ============================

x = 		40.001
y = 		40.0
speed x = 	0.0010007590054880962
speed y = 	7.590054880962108E-7
mag = 		0.0010007592933142587
mass = 		100000.0
radius = 	10.0
color R = 	0
color G = 	0
color B = 	255
is static = 	0
label= 		'1'

x = 		139.999
y = 		140.0
speed x = 	-9.973998090160863E-4
speed y = 	2.6001909839138402E-6
mag = 		9.974031983197558E-4
mass = 		100000.0
radius = 	10.0
color R = 	0
color G = 	0
color B = 	255
is static = 	0
label= 		'2'

x = 		240.001
y = 		240.02
speed x = 	0.0010003828009483829
speed y = 	0.020000382800948385
mag = 		0.02002538583730424
mass = 		1.0E9
radius = 	10.0
color R = 	0
color G = 	0
color B = 	255
is static = 	0
label= 		'3'

x = 		340.011
y = 		340.0
speed x = 	0.010998392588132138
speed y = 	-1.6074118678624384E-6
mag = 		0.010998392705593526
mass = 		200000.0
radius = 	11.0
color R = 	0
color G = 	0
color B = 	255
is static = 	0
label= 		'4'

x = 		439.999
y = 		440.0
speed x = 	-9.97998961368237E-4
speed y = 	2.0010386317631805E-6
mag = 		9.980009674582914E-4
mass = 		100000.0
radius = 	10.0
color R = 	0
color G = 	0
color B = 	255
is static = 	0
label= 		'5'

x = 		540.011
y = 		540.03
speed x = 	0.011000101480582024
speed y = 	0.030000101480582023
mag = 		0.031953220830275034
mass = 		1.0E9
radius = 	6.0
color R = 	0
color G = 	0
color B = 	255
is static = 	0
label= 		'6'

x = 		640.001
y = 		640.0
speed x = 	9.98170206928738E-4
speed y = 	-1.8297930712619763E-6
mag = 		9.981718840674904E-4
mass = 		100000.0
radius = 	10.0
color R = 	0
color G = 	0
color B = 	255
is static = 	0
label= 		'7'

x = 		739.999
y = 		740.0
speed x = 	-9.987324724174973E-4
speed y = 	1.267527582502661E-6
mag = 		9.987332767497734E-4
mass = 		100000.0
radius = 	10.0
color R = 	0
color G = 	0
color B = 	255
is static = 	0
label= 		'8'

x = 		840.101
y = 		840.32
speed x = 	0.10100234420271505
speed y = 	0.32000234420271506
mag = 		0.33556366583656916
mass = 		5.0E8
radius = 	20.0
color R = 	0
color G = 	0
color B = 	255
is static = 	0
label= 		'9'

x = 		940.201
y = 		940.22
speed x = 	0.20099930091368162
speed y = 	0.2199993009136816
mag = 		0.29799397874839245
mass = 		1.0E9
radius = 	12.0
color R = 	0
color G = 	0
color B = 	255
is static = 	0
label= 		'10'

x = 		1111.101
y = 		1111.32
speed x = 	0.10100048854194094
speed y = 	0.32000048854194096
mag = 		0.33556133769072927
mass = 		5.0E8
radius = 	20.0
color R = 	0
color G = 	0
color B = 	255
is static = 	0
label= 		'11'

x = 		1234.201
y = 		1234.22
speed x = 	0.2009987982741454
speed y = 	0.2199987982741454
mag = 		0.29799326863155606
mass = 		1.0E9
radius = 	10.0
color R = 	0
color G = 	0
color B = 	255
is static = 	0
label= 		'12'

============================ 12 | 2 (objects | cycle) ============================

x = 		40.00200075900548
y = 		40.00000075900549
speed x = 	0.0010015178758927311
speed y = 	1.517946753344087E-6
mag = 		0.0010015190262271775
mass = 		100000.0
radius = 	10.0
color R = 	0
color G = 	0
color B = 	255
is static = 	0
label= 		'1'

x = 		139.99800260019097
y = 		140.00000260019098
speed x = 	-9.948004209096042E-4
speed y = 	5.200021756906988E-6
mag = 		9.948140115962369E-4
mass = 		100000.0
radius = 	10.0
color R = 	0
color G = 	0
color B = 	255
is static = 	0
label= 		'2'

x = 		240.00200038280096
y = 		240.04000038280097
speed x = 	0.001000765511297298
speed y = 	0.0200007655255827
mag = 		0.02002578720594872
mass = 		1.0E9
radius = 	10.0
color R = 	0
color G = 	0
color B = 	255
is static = 	0
label= 		'3'

x = 		340.02199839258816
y = 		339.9999983925881
speed x = 	0.010996784330212308
speed y = 	-3.214841435485592E-6
mag = 		0.010996784800131738
mass = 		200000.0
radius = 	11.0
color R = 	0
color G = 	0
color B = 	255
is static = 	0
label= 		'4'

x = 		439.9980020010386
y = 		440.00000200103864
speed x = 	-9.959994373384157E-4
speed y = 	4.001093038025957E-6
mag = 		9.960074738293583E-4
mass = 		100000.0
radius = 	10.0
color R = 	0
color G = 	0
color B = 	255
is static = 	0
label= 		'5'

x = 		540.0220001014806
y = 		540.0600001014806
speed x = 	0.011000202572180626
speed y = 	0.030000202671956137
mag = 		0.0319533506378823
mass = 		1.0E9
radius = 	6.0
color R = 	0
color G = 	0
color B = 	255
is static = 	0
label= 		'6'

x = 		640.0019981702069
y = 		639.9999981702069
speed x = 	9.963379587557203E-4
speed y = 	-3.6611937336893195E-6
mag = 		9.963446855366224E-4
mass = 		100000.0
radius = 	10.0
color R = 	0
color G = 	0
color B = 	255
is static = 	0
label= 		'7'

x = 		739.9980012675276
y = 		740.0000012675276
speed x = 	-9.974728202498213E-4
speed y = 	2.529898738162101E-6
mag = 		9.974760285464295E-4
mass = 		100000.0
radius = 	10.0
color R = 	0
color G = 	0
color B = 	255
is static = 	0
label= 		'8'

x = 		840.2020023442027
y = 		840.6400023442028
speed x = 	0.1010046912751574
speed y = 	0.32000468628189943
mag = 		0.33556660576101244
mass = 		5.0E8
radius = 	20.0
color R = 	0
color G = 	0
color B = 	255
is static = 	0
label= 		'9'

x = 		940.4019993009138
y = 		940.4399993009137
speed x = 	0.20099860058086186
speed y = 	0.21999860341236838
mag = 		0.29799299142573366
mass = 		1.0E9
radius = 	12.0
color R = 	0
color G = 	0
color B = 	255
is static = 	0
label= 		'10'

x = 		1111.2020004885421
y = 		1111.6400004885418
speed x = 	0.1010009789013715
speed y = 	0.32000097538904865
mag = 		0.3355619495547399
mass = 		5.0E8
radius = 	20.0
color R = 	0
color G = 	0
color B = 	255
is static = 	0
label= 		'11'

x = 		1234.4019987982742
y = 		1234.4399987982742
speed x = 	0.2009975959322141
speed y = 	0.2199975972388104
mag = 		0.2979915709569307
mass = 		1.0E9
radius = 	10.0
color R = 	0
color G = 	0
color B = 	255
is static = 	0
label= 		'12'

============================ 12 | 3 (objects | cycle) ============================

x = 		40.003002276881375
y = 		40.000002276952245
speed x = 	0.0010022766112579681
speed y = 	2.2768238095559994E-6
mag = 		0.0010022791973304723
mass = 		100000.0
radius = 	10.0
color R = 	0
color G = 	0
color B = 	255
is static = 	0
label= 		'1'

x = 		139.99700779977007
y = 		140.00000780021273
speed x = 	-9.922018352726979E-4
speed y = 	7.799492425752266E-6
mag = 		9.922324898936788E-4
mass = 		100000.0
radius = 	10.0
color R = 	0
color G = 	0
color B = 	255
is static = 	0
label= 		'2'

x = 		240.00300114831225
y = 		240.06000114832656
speed x = 	0.0010011481311150874
speed y = 	0.020001148173944553
mag = 		0.020026188500474093
mass = 		1.0E9
radius = 	10.0
color R = 	0
color G = 	0
color B = 	255
is static = 	0
label= 		'3'

x = 		340.03299517691835
y = 		339.99999517774665
speed x = 	0.010995175226320581
speed y = 	-4.822288521008755E-6
mag = 		0.010995176283805568
mass = 		200000.0
radius = 	11.0
color R = 	0
color G = 	0
color B = 	255
is static = 	0
label= 		'4'

x = 		439.9970060016013
y = 		440.00000600213167
speed x = 	-9.940014266793223E-4
speed y = 	6.0001637802509836E-6
mag = 		9.940195361289022E-4
mass = 		100000.0
radius = 	10.0
color R = 	0
color G = 	0
color B = 	255
is static = 	0
label= 		'5'

x = 		540.0330003040527
y = 		540.0900003041526
speed x = 	0.011000303275483717
speed y = 	0.03000030357445407
mag = 		0.031953480040709484
mass = 		1.0E9
radius = 	6.0
color R = 	0
color G = 	0
color B = 	255
is static = 	0
label= 		'6'

x = 		640.0029945081657
y = 		639.9999945090132
speed x = 	9.945032582322783E-4
speed y = 	-5.494200844107429E-6
mag = 		9.945184346594753E-4
mass = 		100000.0
radius = 	10.0
color R = 	0
color G = 	0
color B = 	255
is static = 	0
label= 		'7'

x = 		739.9970037947073
y = 		740.0000037974264
speed x = 	-9.962209958874785E-4
speed y = 	3.7871284167002128E-6
mag = 		9.962281942349775E-4
mass = 		100000.0
radius = 	10.0
color R = 	0
color G = 	0
color B = 	255
is static = 	0
label= 		'8'

x = 		840.3030070354779
y = 		840.9600070304847
speed x = 	0.10100704120940816
speed y = 	0.32000702623038824
mag = 		0.33556954452198945
mass = 		5.0E8
radius = 	20.0
color R = 	0
color G = 	0
color B = 	255
is static = 	0
label= 		'9'

x = 		940.6029979014946
y = 		940.659997904326
speed x = 	0.20099789900437676
speed y = 	0.21999790749887407
mag = 		0.29799200443645596
mass = 		1.0E9
radius = 	12.0
color R = 	0
color G = 	0
color B = 	255
is static = 	0
label= 		'10'

x = 		1111.3030014674434
y = 		1111.960001463931
speed x = 	0.10100147107598971
speed y = 	0.3200014605390993
mag = 		0.3355625603470547
mass = 		5.0E8
radius = 	20.0
color R = 	0
color G = 	0
color B = 	255
is static = 	0
label= 		'11'

x = 		1234.6029963942065
y = 		1234.659996395513
speed x = 	0.20099639297571908
speed y = 	0.2199963968955005
mag = 		0.2979898733786977
mass = 		1.0E9
radius = 	10.0
color R = 	0
color G = 	0
color B = 	255
is static = 	0
label= 		'12'

============================ 12 | 4 (objects | cycle) ============================

x = 		40.004004553492635
y = 		40.00000455377605
speed x = 	0.0010030352116278428
speed y = 	3.0356366705375335E-6
mag = 		0.0010030398052197664
mass = 		100000.0
radius = 	10.0
color R = 	0
color G = 	0
color B = 	255
is static = 	0
label= 		'1'

x = 		139.99601559793481
y = 		140.00001559970516
speed x = 	-9.896040516978013E-4
speed y = 	1.0398603097191739E-5
mag = 		9.896586836294003E-4
mass = 		100000.0
radius = 	10.0
color R = 	0
color G = 	0
color B = 	255
is static = 	0
label= 		'2'

x = 		240.00400229644336
y = 		240.0800022965005
speed x = 	0.0010015306604700181
speed y = 	0.020001530746075524
mag = 		0.020026589720920186
mass = 		1.0E9
radius = 	10.0
color R = 	0
color G = 	0
color B = 	255
is static = 	0
label= 		'3'

x = 		340.04399035214465
y = 		339.9999903554581
speed x = 	0.010993565276536865
speed y = 	-6.4297529425551645E-6
mag = 		0.010993567156805837
mass = 		200000.0
radius = 	11.0
color R = 	0
color G = 	0
color B = 	255
is static = 	0
label= 		'4'

x = 		439.9960120001746
y = 		440.0000120022955
speed x = 	-9.920049281612595E-4
speed y = 	7.998251419512854E-6
mag = 		9.92037171441673E-4
mass = 		100000.0
radius = 	10.0
color R = 	0
color G = 	0
color B = 	255
is static = 	0
label= 		'5'

x = 		540.0440006073283
y = 		540.120000607727
speed x = 	0.011000403591177722
speed y = 	0.030000404188407274
mag = 		0.0319536090393026
mass = 		1.0E9
radius = 	6.0
color R = 	0
color G = 	0
color B = 	255
is static = 	0
label= 		'6'

x = 		640.0039890114239
y = 		639.9999890148123
speed x = 	9.926661080957462E-4
speed y = 	-7.328813260336797E-6
mag = 		9.92693161891307E-4
mass = 		100000.0
radius = 	10.0
color R = 	0
color G = 	0
color B = 	255
is static = 	0
label= 		'7'

x = 		739.9960075737114
y = 		740.0000075845549
speed x = 	-9.949769520863725E-4
speed y = 	5.039231582633614E-6
mag = 		9.94989713031261E-4
mass = 		100000.0
radius = 	10.0
color R = 	0
color G = 	0
color B = 	255
is static = 	0
label= 		'8'

x = 		840.4040140766873
y = 		841.2800140567151
speed x = 	0.10100939399753006
speed y = 	0.3200093640410372
mag = 		0.3355724821103443
mass = 		5.0E8
radius = 	20.0
color R = 	0
color G = 	0
color B = 	255
is static = 	0
label= 		'9'

x = 		940.803995800499
y = 		940.8799958118249
speed x = 	0.20099719618707373
speed y = 	0.21999721317600174
mag = 		0.2979910177845503
mass = 		1.0E9
radius = 	12.0
color R = 	0
color G = 	0
color B = 	255
is static = 	0
label= 		'10'

x = 		1111.4040029385194
y = 		1112.28000292447
speed x = 	0.10100196506348481
speed y = 	0.3200019439898781
mag = 		0.3355631700648724
mass = 		5.0E8
radius = 	20.0
color R = 	0
color G = 	0
color B = 	255
is static = 	0
label= 		'11'

x = 		1234.803992787182
y = 		1234.8799927924085
speed x = 	0.200995189406177
speed y = 	0.21999519724571748
mag = 		0.2979881758989895
mass = 		1.0E9
radius = 	10.0
color R = 	0
color G = 	0
color B = 	255
is static = 	0
label= 		'12'

============================ 12 | 5 (objects | cycle) ============================

x = 		40.00500758870426
y = 		40.000007589412725
speed x = 	0.001003793677046363
speed y = 	3.7943853500874884E-6
mag = 		0.0010038008484945821
mass = 		100000.0
radius = 	10.0
color R = 	0
color G = 	0
color B = 	255
is static = 	0
label= 		'1'

x = 		139.9950259938831
y = 		140.00002599830827
speed x = 	-9.870070697776377E-4
speed y = 	1.2997353877936699E-5
mag = 		9.870926435744858E-4
mass = 		100000.0
radius = 	10.0
color R = 	0
color G = 	0
color B = 	255
is static = 	0
label= 		'2'

x = 		240.00500382710382
y = 		240.10000382724658
speed x = 	0.0010019130994302805
speed y = 	0.020001913242017163
mag = 		0.020026990867326813
mass = 		1.0E9
radius = 	10.0
color R = 	0
color G = 	0
color B = 	255
is static = 	0
label= 		'3'

x = 		340.05498391742117
y = 		339.9999839257052
speed x = 	0.0109919544809409
speed y = 	-8.037234518232034E-6
mag = 		0.01099195741932325
mass = 		200000.0
radius = 	11.0
color R = 	0
color G = 	0
color B = 	255
is static = 	0
label= 		'4'

x = 		439.9950199952464
y = 		440.0000200005469
speed x = 	-9.900099405560454E-4
speed y = 	9.995356516498166E-6
mag = 		9.900603969211557E-4
mass = 		100000.0
radius = 	10.0
color R = 	0
color G = 	0
color B = 	255
is static = 	0
label= 		'5'

x = 		540.0550010109195
y = 		540.1500010119154
speed x = 	0.011000503519947588
speed y = 	0.030000504514146924
mag = 		0.031953737634206884
mass = 		1.0E9
radius = 	6.0
color R = 	0
color G = 	0
color B = 	255
is static = 	0
label= 		'6'

x = 		640.004981677532
y = 		639.999981685999
speed x = 	9.90826511069511E-4
speed y = 	-9.165029841212906E-6
mag = 		9.908688978922339E-4
mass = 		100000.0
radius = 	10.0
color R = 	0
color G = 	0
color B = 	255
is static = 	0
label= 		'7'

x = 		739.9950125967592
y = 		740.0000126237865
speed x = 	-9.937406419648002E-4
speed y = 	6.28622321374117E-6
mag = 		9.937605245203224E-4
mass = 		100000.0
radius = 	10.0
color R = 	0
color G = 	0
color B = 	255
is static = 	0
label= 		'8'

x = 		840.5050234706848
y = 		841.6000234207562
speed x = 	0.10101174963156764
speed y = 	0.32001169970672266
mag = 		0.33557541851693506
mass = 		5.0E8
radius = 	20.0
color R = 	0
color G = 	0
color B = 	255
is static = 	0
label= 		'9'

x = 		941.004992996686
y = 		941.0999930250009
speed x = 	0.20099649213181164
speed y = 	0.2199965204465436
mag = 		0.2979900314740074
mass = 		1.0E9
radius = 	12.0
color R = 	0
color G = 	0
color B = 	255
is static = 	0
label= 		'10'

x = 		1111.5050049035829
y = 		1112.6000048684598
speed x = 	0.10100246086153729
speed y = 	0.3200024257391792
mag = 		0.33556377870539794
mass = 		5.0E8
radius = 	20.0
color R = 	0
color G = 	0
color B = 	255
is static = 	0
label= 		'11'

x = 		1235.0049879765884
y = 		1235.0999879896542
speed x = 	0.20099398522510825
speed y = 	0.2199939982909594
mag = 		0.2979864785199383
mass = 		1.0E9
radius = 	10.0
color R = 	0
color G = 	0
color B = 	255
is static = 	0
label= 		'12'

============================ 12 | 6 (objects | cycle) ============================

x = 		40.0060113823813
y = 		40.000011383798075
speed x = 	0.0010045520075575088
speed y = 	4.553069861997882E-6
mag = 		0.001004562325758332
mass = 		100000.0
radius = 	10.0
color R = 	0
color G = 	0
color B = 	255
is static = 	0
label= 		'1'

x = 		139.99403898681334
y = 		140.00003899566215
speed x = 	-9.8441088910522E-4
speed y = 	1.5595744874667662E-5
mag = 		9.845344208544084E-4
mass = 		100000.0
radius = 	10.0
color R = 	0
color G = 	0
color B = 	255
is static = 	0
label= 		'2'

x = 		240.00600574020325
y = 		240.1200057404886
speed x = 	0.00100229544806399
speed y = 	0.020002295661810988
mag = 		0.02002739193973375
mass = 		1.0E9
radius = 	10.0
color R = 	0
color G = 	0
color B = 	255
is static = 	0
label= 		'3'

x = 		340.0659758719021
y = 		339.99997588847066
speed x = 	0.010990342839612267
speed y = 	-9.644733066130576E-6
mag = 		0.010990347071548402
mass = 		200000.0
radius = 	11.0
color R = 	0
color G = 	0
color B = 	255
is static = 	0
label= 		'4'

x = 		439.9940299853059
y = 		440.0000299959034
speed x = 	-9.880164626370103E-4
speed y = 	1.1991479631505595E-5
mag = 		9.88089229789245E-4
mass = 		100000.0
radius = 	10.0
color R = 	0
color G = 	0
color B = 	255
is static = 	0
label= 		'5'

x = 		540.0660015144394
y = 		540.1800015164296
speed x = 	0.011000603062476787
speed y = 	0.03000060455200392
mag = 		0.03195386582596685
mass = 		1.0E9
radius = 	6.0
color R = 	0
color G = 	0
color B = 	255
is static = 	0
label= 		'6'

x = 		640.005972504043
y = 		639.9999725209692
speed x = 	9.889844698630621E-4
speed y = 	-1.1002849446605889E-5
mag = 		9.890456735289158E-4
mass = 		100000.0
radius = 	10.0
color R = 	0
color G = 	0
color B = 	255
is static = 	0
label= 		'7'

x = 		739.9940188561172
y = 		740.0000189100097
speed x = 	-9.925120190004714E-4
speed y = 	7.528118299564438E-6
mag = 		9.92540568654765E-4
mass = 		100000.0
radius = 	10.0
color R = 	0
color G = 	0
color B = 	255
is static = 	0
label= 		'8'

x = 		840.6060352203164
y = 		841.9200351204629
speed x = 	0.1010141081035473
speed y = 	0.3200140332203419
mag = 		0.33557835373263456
mass = 		5.0E8
radius = 	20.0
color R = 	0
color G = 	0
color B = 	255
is static = 	0
label= 		'9'

x = 		941.2059894888179
y = 		941.3199895454475
speed x = 	0.2009957868414606
speed y = 	0.21999582931328102
mag = 		0.29798904550881755
mass = 		1.0E9
radius = 	12.0
color R = 	0
color G = 	0
color B = 	255
is static = 	0
label= 		'10'

x = 		1111.6060073644444
y = 		1112.920007294199
speed x = 	0.10100295846781891
speed y = 	0.3200029057848057
mag = 		0.33556438626584195
mass = 		5.0E8
radius = 	20.0
color R = 	0
color G = 	0
color B = 	255
is static = 	0
label= 		'11'

x = 		1235.2059819618134
y = 		1235.319981987945
speed x = 	0.2009927804340369
speed y = 	0.21999280003272056
mag = 		0.29798478124367617
mass = 		1.0E9
radius = 	10.0
color R = 	0
color G = 	0
color B = 	255
is static = 	0
label= 		'12'

============================ 12 | 7 (objects | cycle) ============================

x = 		40.00701593438886
y = 		40.00001593686794
speed x = 	0.001005310203205233
speed y = 	5.3116902200539535E-6
mag = 		0.0010053242356183106
mass = 		100000.0
radius = 	10.0
color R = 	0
color G = 	0
color B = 	255
is static = 	0
label= 		'1'

x = 		139.99305457592422
y = 		140.00005459140704
speed x = 	-9.818155092738501E-4
speed y = 	1.8193776194034363E-5
mag = 		9.819840669495958E-4
mass = 		100000.0
radius = 	10.0
color R = 	0
color G = 	0
color B = 	255
is static = 	0
label= 		'2'

x = 		240.00700803565132
y = 		240.14000803615042
speed x = 	0.001002677706439186
speed y = 	0.020002678005498487
mag = 		0.020027792938180758
mass = 		1.0E9
radius = 	10.0
color R = 	0
color G = 	0
color B = 	255
is static = 	0
label= 		'3'

x = 		340.0769662147417
y = 		339.9999662437376
speed x = 	0.010988730352630382
speed y = 	-1.1252248404326031E-5
mag = 		0.010988736113671781
mass = 		200000.0
radius = 	11.0
color R = 	0
color G = 	0
color B = 	255
is static = 	0
label= 		'4'

x = 		439.9930419688432
y = 		440.00004198738304
speed x = 	-9.860244931789942E-4
speed y = 	1.398662132444597E-5
mag = 		9.861236873359071E-4
mass = 		100000.0
radius = 	10.0
color R = 	0
color G = 	0
color B = 	255
is static = 	0
label= 		'5'

x = 		540.0770021175019
y = 		540.2100021209816
speed x = 	0.011000702219447312
speed y = 	0.03000070430230888
mag = 		0.03195399361512622
mass = 		1.0E9
radius = 	6.0
color R = 	0
color G = 	0
color B = 	255
is static = 	0
label= 		'6'

x = 		640.0069614885128
y = 		639.9999615181198
speed x = 	9.871399871720433E-4
speed y = 	-1.284227093743995E-5
mag = 		9.8722351987625E-4
mass = 		100000.0
radius = 	10.0
color R = 	0
color G = 	0
color B = 	255
is static = 	0
label= 		'7'

x = 		739.9930263440982
y = 		740.000026438128
speed x = 	-9.91291037027548E-4
speed y = 	8.764931839940411E-6
mag = 		9.913297857531117E-4
mass = 		100000.0
radius = 	10.0
color R = 	0
color G = 	0
color B = 	255
is static = 	0
label= 		'8'

x = 		840.7070493284199
y = 		842.2400491536832
speed x = 	0.10101646940547743
speed y = 	0.320016364574813
mag = 		0.33558128774832985
mass = 		5.0E8
radius = 	20.0
color R = 	0
color G = 	0
color B = 	255
is static = 	0
label= 		'9'

x = 		941.4069852756593
y = 		941.5399853747607
speed x = 	0.20099508031890206
speed y = 	0.21999513977898447
mag = 		0.2979880598929709
mass = 		1.0E9
radius = 	12.0
color R = 	0
color G = 	0
color B = 	255
is static = 	0
label= 		'10'

x = 		1111.7070103229123
y = 		1113.2400101999838
speed x = 	0.10100345787999272
speed y = 	0.32000338412456986
mag = 		0.33556499274342144
mass = 		5.0E8
radius = 	20.0
color R = 	0
color G = 	0
color B = 	255
is static = 	0
label= 		'11'

x = 		1235.4069747422475
y = 		1235.5399747879778
speed x = 	0.20099157503449072
speed y = 	0.21999160247249155
mag = 		0.29798308407233465
mass = 		1.0E9
radius = 	10.0
color R = 	0
color G = 	0
color B = 	255
is static = 	0
label= 		'12'

============================ 12 | 8 (objects | cycle) ============================

x = 		40.008021244592065
y = 		40.000021248558156
speed x = 	0.0010060682640334602
speed y = 	6.070246438034165E-6
mag = 		0.001006086576685684
mass = 		100000.0
radius = 	10.0
color R = 	0
color G = 	0
color B = 	255
is static = 	0
label= 		'1'

x = 		139.99207276041494
y = 		140.00007278518322
speed x = 	-9.792209298771185E-4
speed y = 	2.0791447942655734E-5
mag = 		9.794416336959342E-4
mass = 		100000.0
radius = 	10.0
color R = 	0
color G = 	0
color B = 	255
is static = 	0
label= 		'2'

x = 		240.00801071335778
y = 		240.16001071415593
speed x = 	0.0010030598746238325
speed y = 	0.020003060273121123
mag = 		0.02002819386270756
mass = 		1.0E9
radius = 	10.0
color R = 	0
color G = 	0
color B = 	255
is static = 	0
label= 		'3'

x = 		340.0879549450943
y = 		339.99995499148923
speed x = 	0.010987117020074499
speed y = 	-1.2859780350877693E-5
mag = 		0.01098712454588376
mass = 		200000.0
radius = 	11.0
color R = 	0
color G = 	0
color B = 	255
is static = 	0
label= 		'4'

x = 		439.99205594435006
y = 		440.00005597400434
speed x = 	-9.840340309583452E-4
speed y = 	1.598078215484236E-5
mag = 		9.841637869188288E-4
mass = 		100000.0
radius = 	10.0
color R = 	0
color G = 	0
color B = 	255
is static = 	0
label= 		'5'

x = 		540.0880028197214
y = 		540.2400028252839
speed x = 	0.011000800991539692
speed y = 	0.030000803765392145
mag = 		0.031954121002228
mass = 		1.0E9
radius = 	6.0
color R = 	0
color G = 	0
color B = 	255
is static = 	0
label= 		'6'

x = 		640.0079486285
y = 		639.9999486758488
speed x = 	9.85293065678301E-4
speed y = 	-1.4683293175712551E-5
mag = 		9.854024682190666E-4
mass = 		100000.0
radius = 	10.0
color R = 	0
color G = 	0
color B = 	255
is static = 	0
label= 		'7'

x = 		739.9920350530612
y = 		740.0000352030598
speed x = 	-9.900776502337048E-4
speed y = 	9.996678843566016E-6
mag = 		9.901281164981608E-4
mass = 		100000.0
radius = 	10.0
color R = 	0
color G = 	0
color B = 	255
is static = 	0
label= 		'8'

x = 		840.8080657978254
y = 		842.560065518258
speed x = 	0.10101883352934846
speed y = 	0.3200186937630751
mag = 		0.3355842205549228
mass = 		5.0E8
radius = 	20.0
color R = 	0
color G = 	0
color B = 	255
is static = 	0
label= 		'9'

x = 		941.6079803559782
y = 		941.7599805145397
speed x = 	0.20099437256702865
speed y = 	0.21999445184641345
mag = 		0.2979870746304568
mass = 		1.0E9
radius = 	12.0
color R = 	0
color G = 	0
color B = 	255
is static = 	0
label= 		'10'

x = 		1111.8080137807924
y = 		1113.5600135841084
speed x = 	0.10100395909571311
speed y = 	0.3200038607562928
mag = 		0.3355655981353591
mass = 		5.0E8
radius = 	20.0
color R = 	0
color G = 	0
color B = 	255
is static = 	0
label= 		'11'

x = 		1235.607966317282
y = 		1235.7599663904502
speed x = 	0.20099036902800113
speed y = 	0.21999040561175917
mag = 		0.29798138700804516
mass = 		1.0E9
radius = 	10.0
color R = 	0
color G = 	0
color B = 	255
is static = 	0
label= 		'12'

============================ 12 | 9 (objects | cycle) ============================

x = 		40.0090273128561
y = 		40.00002731880459
speed x = 	0.001006826190086088
speed y = 	6.828738529710207E-6
mag = 		0.0010068493475754825
mass = 		100000.0
radius = 	10.0
color R = 	0
color G = 	0
color B = 	255
is static = 	0
label= 		'1'

x = 		139.99109353948506
y = 		140.00009357663117
speed x = 	-9.766271505089043E-4
speed y = 	2.3388760227119904E-5
mag = 		9.769071732852123E-4
mass = 		100000.0
radius = 	10.0
color R = 	0
color G = 	0
color B = 	255
is static = 	0
label= 		'2'

x = 		240.0090137732324
y = 		240.18001377442906
speed x = 	0.0010034419526858184
speed y = 	0.02000344246472033
mag = 		0.02002859471335387
mass = 		1.0E9
radius = 	10.0
color R = 	0
color G = 	0
color B = 	255
is static = 	0
label= 		'3'

x = 		340.09894206211436
y = 		339.9999421317089
speed x = 	0.010985502842023705
speed y = 	-1.4467328723828938E-5
mag = 		0.0109855123683746
mass = 		200000.0
radius = 	11.0
color R = 	0
color G = 	0
color B = 	255
is static = 	0
label= 		'4'

x = 		439.9910719103191
y = 		440.0000719547865
speed x = 	-9.820450747529167E-4
speed y = 	1.797396268183014E-5
mag = 		9.822095459630544E-4
mass = 		100000.0
radius = 	10.0
color R = 	0
color G = 	0
color B = 	255
is static = 	0
label= 		'5'

x = 		540.0990036207129
y = 		540.2700036290493
speed x = 	0.011000899379432987
speed y = 	0.03000090294158378
mag = 		0.03195424798781438
mass = 		1.0E9
radius = 	6.0
color R = 	0
color G = 	0
color B = 	255
is static = 	0
label= 		'6'

x = 		640.0089339215657
y = 		639.9999339925556
speed x = 	9.834437080499356E-4
speed y = 	-1.652591502451337E-5
mag = 		9.83582550053835E-4
mass = 		100000.0
radius = 	10.0
color R = 	0
color G = 	0
color B = 	255
is static = 	0
label= 		'7'

x = 		739.9910449754109
y = 		740.0000451997387
speed x = 	-9.88871813157213E-4
speed y = 	1.1223374326593758E-5
mag = 		9.88935501935343E-4
mass = 		100000.0
radius = 	10.0
color R = 	0
color G = 	0
color B = 	255
is static = 	0
label= 		'8'

x = 		840.9090846313547
y = 		842.8800842120212
speed x = 	0.10102120046713302
speed y = 	0.3200210207780886
mag = 		0.33558715214332996
mass = 		5.0E8
radius = 	20.0
color R = 	0
color G = 	0
color B = 	255
is static = 	0
label= 		'9'

x = 		941.8089747285452
y = 		941.9799749663862
speed x = 	0.20099366358874415
speed y = 	0.21999376551831648
mag = 		0.2979860897252643
mass = 		1.0E9
radius = 	12.0
color R = 	0
color G = 	0
color B = 	255
is static = 	0
label= 		'10'

x = 		1111.9090177398882
y = 		1113.8800174448647
speed x = 	0.1010044621126258
speed y = 	0.3200043356778048
mag = 		0.3355662024388839
mass = 		5.0E8
radius = 	20.0
color R = 	0
color G = 	0
color B = 	255
is static = 	0
label= 		'11'

x = 		1235.80895668631
y = 		1235.979956796062
speed x = 	0.2009891624161032
speed y = 	0.2199892094520064
mag = 		0.2979796900529388
mass = 		1.0E9
radius = 	10.0
color R = 	0
color G = 	0
color B = 	255
is static = 	0
label= 		'12'

============================ 12 | 10 (objects | cycle) ============================

x = 		40.010034139046184
y = 		40.00003414754312
speed x = 	0.0010075839814069865
speed y = 	7.587166508846997E-6
mag = 		0.0010076125469065912
mass = 		100000.0
radius = 	10.0
color R = 	0
color G = 	0
color B = 	255
is static = 	0
label= 		'1'

x = 		139.99011691233454
y = 		140.0001169653914
speed x = 	-9.740341707633747E-4
speed y = 	2.59857131539842E-5
mag = 		9.743807382654976E-4
mass = 		100000.0
radius = 	10.0
color R = 	0
color G = 	0
color B = 	255
is static = 	0
label= 		'2'

x = 		240.0100172151851
y = 		240.20001721689377
speed x = 	0.0010038239406929567
speed y = 	0.020003824580337514
mag = 		0.02002899549015935
mass = 		1.0E9
radius = 	10.0
color R = 	0
color G = 	0
color B = 	255
is static = 	0
label= 		'3'

x = 		340.10992756495637
y = 		339.9999276643802
speed x = 	0.01098388781855693
speed y = 	-1.6074893341207245E-5
mag = 		0.010983899581334456
mass = 		200000.0
radius = 	11.0
color R = 	0
color G = 	0
color B = 	255
is static = 	0
label= 		'4'

x = 		439.99008986524433
y = 		440.00008992874916
speed x = 	-9.80057623342065E-4
speed y = 	1.996616346415708E-5
mag = 		9.802609819606074E-4
mass = 		100000.0
radius = 	10.0
color R = 	0
color G = 	0
color B = 	255
is static = 	0
label= 		'5'

x = 		540.1100045200923
y = 		540.3000045319908
speed x = 	0.011000997383804794
speed y = 	0.030001001831213563
mag = 		0.03195437457242685
mass = 		1.0E9
radius = 	6.0
color R = 	0
color G = 	0
color B = 	255
is static = 	0
label= 		'6'

x = 		640.0099173652737
y = 		639.9999174666406
speed x = 	9.815919169413496E-4
speed y = 	-1.8370135348043014E-5
mag = 		9.817637970903688E-4
mass = 		100000.0
radius = 	10.0
color R = 	0
color G = 	0
color B = 	255
is static = 	0
label= 		'7'

x = 		739.9900561035977
y = 		740.000056423113
speed x = 	-9.876734806840426E-4
speed y = 	1.2445033311257992E-5
mag = 		9.877518834710722E-4
mass = 		100000.0
radius = 	10.0
color R = 	0
color G = 	0
color B = 	255
is static = 	0
label= 		'8'

x = 		841.0101058318219
y = 		843.2001052327993
speed x = 	0.101023570210786
speed y = 	0.32002334561283485
mag = 		0.3355900825044828
mass = 		5.0E8
radius = 	20.0
color R = 	0
color G = 	0
color B = 	255
is static = 	0
label= 		'9'

x = 		942.0099683921339
y = 		942.1999687319045
speed x = 	0.20099295338696352
speed y = 	0.21999308079743105
mag = 		0.2979851051813817
mass = 		1.0E9
radius = 	12.0
color R = 	0
color G = 	0
color B = 	255
is static = 	0
label= 		'10'

x = 		1112.0100222020008
y = 		1114.2000217805426
speed x = 	0.1010049669283679
speed y = 	0.32000480888694516
mag = 		0.3355668056512309
mass = 		5.0E8
radius = 	20.0
color R = 	0
color G = 	0
color B = 	255
is static = 	0
label= 		'11'

x = 		1236.0099458487261
y = 		1236.199946005514
speed x = 	0.20098795520033566
speed y = 	0.21998801399471243
mag = 		0.29797799320914614
mass = 		1.0E9
radius = 	10.0
color R = 	0
color G = 	0
color B = 	255
is static = 	0
label= 		'12'

END
